$ git reflog
$ git checkout HEAD portrait.txt 
$ git add portrait.txt 
$ git status
On branch master
Changes to be committed:
  (use "git reset HEAD <file>..." to unstage)

        modified:   portrait.txt

Untracked files:
  (use "git add <file>..." to include in what will be committed)

        house.txt

$ git commit -m "Add an eyebrow to the face"
[master 44affd8] Add an eyebrow to the face
 1 file changed, 1 insertion(+), 1 deletion(-)
$ git add house.txt tree.txt portrait.txt 
$ git status
On branch master
Changes to be committed:
  (use "git reset HEAD <file>..." to unstage)

        new file:   house.txt
        modified:   portrait.txt
        modified:   tree.txt

$ git commit -m "Change the date of completion"
[master db90302] Change the date of completion
 3 files changed, 19 insertions(+), 2 deletions(-)
 create mode 100644 house.txt
$ git status
On branch master
Changes not staged for commit:
  (use "git add <file>..." to update what will be committed)
  (use "git checkout -- <file>..." to discard changes in working directory)

        modified:   house.txt
        modified:   portrait.txt
        modified:   tree.txt

no changes added to commit (use "git add" and/or "git commit -a")
$ git add .
$ git status
On branch master
Changes to be committed:
  (use "git reset HEAD <file>..." to unstage)

        modified:   house.txt
        modified:   portrait.txt
        modified:   tree.txt

$ git reset HEAD house.txt 
Unstaged changes after reset:
M       house.txt
$ git status
On branch master
Changes to be committed:
  (use "git reset HEAD <file>..." to unstage)

        modified:   portrait.txt
        modified:   tree.txt

Changes not staged for commit:
  (use "git add <file>..." to update what will be committed)
  (use "git checkout -- <file>..." to discard changes in working directory)

        modified:   house.txt

$ git commit -m "Complete ascii art with artist name"
[master 6ac1347] Complete ascii art with artist name
 2 files changed, 3 insertions(+), 1 deletion(-)